2026-09-29 14:58:15 - Default Velmora menu created.
2026-09-29 16:16:55 - Default tables created.
2026-09-29 16:17:58 - Admin account created.
2026-09-29 16:18:25 - admin login failed: bhupendra
2026-09-29 17:50:35 - admin login successful: bhupendra
2026-09-29 17:50:43 - Tables viewed.
2026-09-29 17:51:02 - Menu items viewed.
2026-09-30 11:02:40 - staff login failed: six67seven
2026-09-30 11:03:10 - admin login successful: bhupendra
2026-09-30 11:03:41 - Staff account created: six69nine
2026-09-30 11:04:22 - staff login successful: six69nine
2026-09-30 11:04:36 - Menu items viewed.
2026-09-30 11:14:25 - New order created: 3000000001
2026-09-30 11:14:31 - Orders viewed.
2026-09-30 11:16:40 - Order updated: 3000000001
2026-09-30 11:16:46 - Orders viewed.
2026-09-30 11:17:46 - Orders viewed.
2026-09-30 11:18:01 - Order updated: 3000000001
2026-09-30 11:18:06 - Orders viewed.
2026-09-30 11:18:50 - Total calculated for order: 3000000001
2026-09-30 11:19:00 - Total calculated for order: 3000000001
2026-09-30 11:19:20 - Discount calculated for order: 3000000001
2026-09-30 11:19:34 - Bill generated: 4000000001
2026-09-30 11:25:41 - Inventory viewed.
2026-09-30 11:27:30 - Inventory viewed.
2026-09-30 11:27:41 - Tables viewed.
2026-09-30 11:29:19 - Staff logged out: six69nine
2026-09-30 11:31:21 - admin login successful: bhupendra
2026-09-30 11:32:36 - Menu items viewed.
2026-09-30 11:32:59 - Menu items viewed.
2026-09-30 11:33:44 - Orders viewed.
2026-09-30 11:37:08 - Total calculated for order: 3000000001
2026-09-30 11:37:08 - 5% GST calculated for order: 3000000001
2026-09-30 11:37:35 - Total calculated for order: 3000000001
2026-09-30 11:37:42 - Discount calculated for order: 3000000001
2026-09-30 11:38:45 - Total calculated for order: 3000000001
2026-09-30 11:38:48 - Discount calculated for order: 3000000001
2026-09-30 11:39:45 - Total calculated for order: 3000000001
2026-09-30 11:39:52 - Discount calculated for order: 3000000001
2026-09-30 11:40:01 - Bill generated: 4000000002
2026-09-30 11:40:20 - Inventory viewed.
2026-09-30 11:42:05 - Inventory viewed.
2026-09-30 11:49:38 - Inventory viewed.
2026-09-30 12:10:10 - staff login successful: six69nine
2026-09-30 12:10:19 - Tables viewed.
2026-09-30 13:59:15 - admin login successful: bhupendra
2026-09-30 14:47:02 - staff login successful: six69nine
2026-09-30 14:47:21 - Orders viewed.
2026-09-30 14:48:10 - Total calculated for order: 3000000001
2026-09-30 14:52:56 - staff login failed: six6Ten
2026-09-30 14:53:11 - staff login successful: six69nine
2026-09-30 14:55:32 - staff login successful: six67nine
2026-10-01 14:08:07 - admin login failed: bhupendra
2026-10-01 14:08:18 - admin login successful: bhupendra
2026-10-01 14:08:25 - Tables viewed.
2026-10-01 14:29:56 - admin login successful: bhupendra
2026-10-01 14:30:08 - Tables viewed.
2026-10-01 14:31:16 - staff login successful: six69nine
2026-10-01 14:32:33 - Table booked: 6000000007
2026-10-01 14:32:47 - Tables viewed.
2026-10-01 14:33:45 - Inventory viewed.
2026-10-01 14:33:49 - Staff logged out: six69nine
2026-10-01 14:33:57 - admin login successful: bhupendra
